// Vitest Snapshot v1

exports[`<Version /> > Render 1`] = `"<aside class=\\"_version_2c80ef\\">v0.0.1</aside>"`;
