// Vitest Snapshot v1

exports[`<App /> > Render 1`] = `"<div class=\\"_logo_f7d212\\"><img alt=\\"Three\\" src=\\"/src/assets/images/logo.png\\"><h1>Three Havok</h1></div><aside class=\\"_version_2c80ef\\">v0.0.1</aside>"`;
